The next train to Cardiff from Wirragulla departs at 00:08:00
